// Jest Snapshot v1, https://goo.gl/fbAQLP

exports[`Tile should render Tile component 1`] = `
<input
  className="tile"
  type="button"
  value="X"
/>
`;
