// Jest Snapshot v1, https://goo.gl/fbAQLP

exports[`Board component should render Board component 1`] = `
<div
  className="board"
>
  <div
    className="board-row"
  >
    <Tile />
    <Tile />
    <Tile />
  </div>
  <div
    className="board-row"
  >
    <Tile />
    <Tile />
    <Tile />
  </div>
  <div
    className="board-row"
  >
    <Tile />
    <Tile />
    <Tile />
  </div>
</div>
`;
