// Jest Snapshot v1, https://goo.gl/fbAQLP

exports[`History component should render History component 1`] = `
<div>
  <p>
    History
  </p>
  <div>
    <button
      key="1"
    >
      Move #
      1
    </button>
  </div>
</div>
`;
